
> swasthya-sanchar@0.1.0 test:e2e
> playwright test


Running 38 tests using 4 workers

[1A[2K[1/38] [chromium] › tests/e2e/access.spec.ts:49:8 › Doctor Access Control - Mock Authorized State › (requires wallet mock) should show patient access form when authorized
[1A[2K[2/38] [chromium] › tests/e2e/access.spec.ts:58:8 › Doctor Access Control - Mock Authorized State › (requires wallet mock) should display mock records for registered patient
[1A[2K[3/38] [chromium] › tests/e2e/access.spec.ts:65:8 › Doctor Access Control - Mock Authorized State › (requires wallet mock) should show error for unregistered patient
[1A[2K[4/38] [chromium] › tests/e2e/access.spec.ts:16:7 › Doctor Access Control › should show authorization check for connected doctor
[1A[2K[5/38] [chromium] › tests/e2e/access.spec.ts:4:7 › Doctor Access Control › should load doctor portal and show authorization status
[1A[2K[6/38] [chromium] › tests/e2e/access.spec.ts:30:7 › Doctor Access Control › should have patient address input form when authorized
[1A[2K[7/38] [chromium] › tests/e2e/doctor-portal.spec.ts:8:7 › Doctor Portal › should display doctor portal page
[1A[2K[8/38] [chromium] › tests/e2e/doctor-portal.spec.ts:21:7 › Doctor Portal › should display feature preview cards
[1A[2K[9/38] [chromium] › tests/e2e/doctor-portal.spec.ts:16:7 › Doctor Portal › should show connect wallet button
[1A[2K[10/38] [chromium] › tests/e2e/doctor-portal.spec.ts:28:7 › Doctor Portal › should have header with home link
[1A[2K  1) [chromium] › tests/e2e/doctor-portal.spec.ts:16:7 › Doctor Portal › should show connect wallet button 

    Error: [2mexpect([22m[31mlocator[39m[2m).[22mtoBeVisible[2m([22m[2m)[22m failed

    Locator: locator('button:has-text("Connect Wallet")')
    Expected: visible
    Error: strict mode violation: locator('button:has-text("Connect Wallet")') resolved to 2 elements:
        1) <button class="px-4 py-2 bg-neutral-900 dark:bg-neutral-100 text-neutral-50 dark:text-neutral-900 rounded-lg hover:bg-neutral-800 dark:hover:bg-neutral-200 transition disabled:opacity-50">Connect Wallet</button> aka getByRole('button', { name: 'Connect Wallet' })
        2) <button aria-label="Connect MetaMask wallet to access doctor portal" class="px-6 py-3 bg-neutral-900 dark:bg-neutral-100 text-neutral-50 dark:text-neutral-900 rounded-lg hover:bg-neutral-800 dark:hover:bg-neutral-200 transition disabled:opacity-50 font-medium">Connect Wallet</button> aka getByRole('button', { name: 'Connect MetaMask wallet to' })

    Call log:
    [2m  - Expect "toBeVisible" with timeout 5000ms[22m
    [2m  - waiting for locator('button:has-text("Connect Wallet")')[22m


      16 |   test('should show connect wallet button', async ({ page }) => {
      17 |     // Should show connect wallet button when not connected
    > 18 |     await expect(page.locator('button:has-text("Connect Wallet")')).toBeVisible();
         |                                                                     ^
      19 |   });
      20 |
      21 |   test('should display feature preview cards', async ({ page }) => {
        at /Users/sahilkumarsingh/Desktop/swasthya-sanchar/tests/e2e/doctor-portal.spec.ts:18:69

    Error Context: test-results/doctor-portal-Doctor-Porta-491fd--show-connect-wallet-button-chromium/error-context.md


[1A[2K[11/38] [chromium] › tests/e2e/doctor-portal.spec.ts:43:7 › Doctor Portal › should have proper page structure
[1A[2K[12/38] [chromium] › tests/e2e/doctor-portal.spec.ts:57:7 › Doctor Portal › should have different styling than patient portal
[1A[2K[13/38] [chromium] › tests/e2e/doctor-portal.spec.ts:37:7 › Doctor Portal › should display placeholder message
[1A[2K[14/38] [chromium] › tests/e2e/emergency.spec.ts:6:7 › Emergency Responder Page › should load emergency page without wallet connection
[1A[2K  2) [chromium] › tests/e2e/doctor-portal.spec.ts:8:7 › Doctor Portal › should display doctor portal page 

    Error: [2mexpect([22m[31mlocator[39m[2m).[22mtoBeVisible[2m([22m[2m)[22m failed

    Locator: locator('text=Access and manage patient medical records')
    Expected: visible
    Timeout: 5000ms
    Error: element(s) not found

    Call log:
    [2m  - Expect "toBeVisible" with timeout 5000ms[22m
    [2m  - waiting for locator('text=Access and manage patient medical records')[22m


      11 |     
      12 |     // Check subtitle
    > 13 |     await expect(page.locator('text=Access and manage patient medical records')).toBeVisible();
         |                                                                                  ^
      14 |   });
      15 |
      16 |   test('should show connect wallet button', async ({ page }) => {
        at /Users/sahilkumarsingh/Desktop/swasthya-sanchar/tests/e2e/doctor-portal.spec.ts:13:82

    Error Context: test-results/doctor-portal-Doctor-Porta-73b50--display-doctor-portal-page-chromium/error-context.md


[1A[2K[15/38] [chromium] › tests/e2e/emergency.spec.ts:18:7 › Emergency Responder Page › should display emergency alert banner
[1A[2K  3) [chromium] › tests/e2e/doctor-portal.spec.ts:21:7 › Doctor Portal › should display feature preview cards 

    Error: [2mexpect([22m[31mlocator[39m[2m).[22mtoBeVisible[2m([22m[2m)[22m failed

    Locator: locator('text=👨‍⚕️ Authorization')
    Expected: visible
    Timeout: 5000ms
    Error: element(s) not found

    Call log:
    [2m  - Expect "toBeVisible" with timeout 5000ms[22m
    [2m  - waiting for locator('text=👨‍⚕️ Authorization')[22m


      21 |   test('should display feature preview cards', async ({ page }) => {
      22 |     // Check for feature cards
    > 23 |     await expect(page.locator('text=👨‍⚕️ Authorization')).toBeVisible();
         |                                                            ^
      24 |     await expect(page.locator('text=📋 Create Records')).toBeVisible();
      25 |     await expect(page.locator('text=👥 Patients')).toBeVisible();
      26 |   });
        at /Users/sahilkumarsingh/Desktop/swasthya-sanchar/tests/e2e/doctor-portal.spec.ts:23:60

    Error Context: test-results/doctor-portal-Doctor-Porta-14628-splay-feature-preview-cards-chromium/error-context.md


[1A[2K[16/38] [chromium] › tests/e2e/emergency.spec.ts:26:7 › Emergency Responder Page › should show patient blockchain address
[1A[2K  4) [chromium] › tests/e2e/doctor-portal.spec.ts:37:7 › Doctor Portal › should display placeholder message 

    Error: [2mexpect([22m[31mlocator[39m[2m).[22mtoBeVisible[2m([22m[2m)[22m failed

    Locator: locator('text=/Doctor authorization and patient record management features/i')
    Expected: visible
    Timeout: 5000ms
    Error: element(s) not found

    Call log:
    [2m  - Expect "toBeVisible" with timeout 5000ms[22m
    [2m  - waiting for locator('text=/Doctor authorization and patient record management features/i')[22m


      38 |     await expect(
      39 |       page.locator('text=/Doctor authorization and patient record management features/i')
    > 40 |     ).toBeVisible();
         |       ^
      41 |   });
      42 |
      43 |   test('should have proper page structure', async ({ page }) => {
        at /Users/sahilkumarsingh/Desktop/swasthya-sanchar/tests/e2e/doctor-portal.spec.ts:40:7

    Error Context: test-results/doctor-portal-Doctor-Porta-c6250-display-placeholder-message-chromium/error-context.md


[1A[2K[17/38] [chromium] › tests/e2e/emergency.spec.ts:34:7 › Emergency Responder Page › should display blood group prominently
[1A[2K  5) [chromium] › tests/e2e/emergency.spec.ts:6:7 › Emergency Responder Page › should load emergency page without wallet connection 

    Error: [2mexpect([22m[31mlocator[39m[2m).[22mtoBeVisible[2m([22m[2m)[22m failed

    Locator: getByRole('heading', { name: 'Emergency Access' })
    Expected: visible
    Timeout: 5000ms
    Error: element(s) not found

    Call log:
    [2m  - Expect "toBeVisible" with timeout 5000ms[22m
    [2m  - waiting for getByRole('heading', { name: 'Emergency Access' })[22m


       8 |     
       9 |     // Verify page loads without requiring wallet
    > 10 |     await expect(page.getByRole('heading', { name: 'Emergency Access' })).toBeVisible();
         |                                                                           ^
      11 |     await expect(page.getByText('First Responder View')).toBeVisible();
      12 |     
      13 |     // Should not require wallet connection
        at /Users/sahilkumarsingh/Desktop/swasthya-sanchar/tests/e2e/emergency.spec.ts:10:75

    Error Context: test-results/emergency-Emergency-Respon-04e0e-e-without-wallet-connection-chromium/error-context.md


[1A[2K[18/38] [chromium] › tests/e2e/emergency.spec.ts:42:7 › Emergency Responder Page › should show allergies section
[1A[2K  6) [chromium] › tests/e2e/emergency.spec.ts:18:7 › Emergency Responder Page › should display emergency alert banner 

    Error: [2mexpect([22m[31mlocator[39m[2m).[22mtoBeVisible[2m([22m[2m)[22m failed

    Locator: getByText(/Instant Emergency Access.*No Wallet Required/i)
    Expected: visible
    Timeout: 5000ms
    Error: element(s) not found

    Call log:
    [2m  - Expect "toBeVisible" with timeout 5000ms[22m
    [2m  - waiting for getByText(/Instant Emergency Access.*No Wallet Required/i)[22m


      20 |     
      21 |     // Check for emergency alert
    > 22 |     await expect(page.getByText(/Instant Emergency Access.*No Wallet Required/i)).toBeVisible();
         |                                                                                   ^
      23 |     await expect(page.getByText(/Critical patient info from blockchain/i)).toBeVisible();
      24 |   });
      25 |
        at /Users/sahilkumarsingh/Desktop/swasthya-sanchar/tests/e2e/emergency.spec.ts:22:83

    Error Context: test-results/emergency-Emergency-Respon-d2b44-play-emergency-alert-banner-chromium/error-context.md


[1A[2K[19/38] [chromium] › tests/e2e/emergency.spec.ts:51:7 › Emergency Responder Page › should display medical conditions
[1A[2K  7) [chromium] › tests/e2e/emergency.spec.ts:26:7 › Emergency Responder Page › should show patient blockchain address 

    Error: [2mexpect([22m[31mlocator[39m[2m).[22mtoBeVisible[2m([22m[2m)[22m failed

    Locator: getByText('Patient Blockchain Address:')
    Expected: visible
    Timeout: 5000ms
    Error: element(s) not found

    Call log:
    [2m  - Expect "toBeVisible" with timeout 5000ms[22m
    [2m  - waiting for getByText('Patient Blockchain Address:')[22m


      28 |     
      29 |     // Verify patient address is displayed
    > 30 |     await expect(page.getByText('Patient Blockchain Address:')).toBeVisible();
         |                                                                 ^
      31 |     await expect(page.getByText(testPatientAddress)).toBeVisible();
      32 |   });
      33 |
        at /Users/sahilkumarsingh/Desktop/swasthya-sanchar/tests/e2e/emergency.spec.ts:30:65

    Error Context: test-results/emergency-Emergency-Respon-0255d--patient-blockchain-address-chromium/error-context.md


[1A[2K[20/38] [chromium] › tests/e2e/emergency.spec.ts:59:7 › Emergency Responder Page › should show current medications
[1A[2K  8) [chromium] › tests/e2e/emergency.spec.ts:34:7 › Emergency Responder Page › should display blood group prominently 

    Error: [2mexpect([22m[31mlocator[39m[2m).[22mtoBeVisible[2m([22m[2m)[22m failed

    Locator: getByText('CRITICAL: Blood Type')
    Expected: visible
    Timeout: 5000ms
    Error: element(s) not found

    Call log:
    [2m  - Expect "toBeVisible" with timeout 5000ms[22m
    [2m  - waiting for getByText('CRITICAL: Blood Type')[22m


      36 |     
      37 |     // Check for blood type section
    > 38 |     await expect(page.getByText('CRITICAL: Blood Type')).toBeVisible();
         |                                                          ^
      39 |     await expect(page.getByText('O+')).toBeVisible();
      40 |   });
      41 |
        at /Users/sahilkumarsingh/Desktop/swasthya-sanchar/tests/e2e/emergency.spec.ts:38:58

    Error Context: test-results/emergency-Emergency-Respon-d25a5-lay-blood-group-prominently-chromium/error-context.md


[1A[2K[21/38] [chromium] › tests/e2e/emergency.spec.ts:67:7 › Emergency Responder Page › should display emergency contact information
[1A[2K  9) [chromium] › tests/e2e/emergency.spec.ts:42:7 › Emergency Responder Page › should show allergies section 

    Error: [2mexpect([22m[31mlocator[39m[2m).[22mtoBeVisible[2m([22m[2m)[22m failed

    Locator: getByText('ALLERGIES')
    Expected: visible
    Timeout: 5000ms
    Error: element(s) not found

    Call log:
    [2m  - Expect "toBeVisible" with timeout 5000ms[22m
    [2m  - waiting for getByText('ALLERGIES')[22m


      44 |     
      45 |     // Check for allergies
    > 46 |     await expect(page.getByText('ALLERGIES')).toBeVisible();
         |                                               ^
      47 |     await expect(page.getByText('Penicillin')).toBeVisible();
      48 |     await expect(page.getByText('Peanuts')).toBeVisible();
      49 |   });
        at /Users/sahilkumarsingh/Desktop/swasthya-sanchar/tests/e2e/emergency.spec.ts:46:47

    Error Context: test-results/emergency-Emergency-Respon-d53ce-ould-show-allergies-section-chromium/error-context.md


[1A[2K[22/38] [chromium] › tests/e2e/emergency.spec.ts:81:7 › Emergency Responder Page › should have action buttons for responders
[1A[2K  10) [chromium] › tests/e2e/emergency.spec.ts:51:7 › Emergency Responder Page › should display medical conditions 

    Error: [2mexpect([22m[31mlocator[39m[2m).[22mtoBeVisible[2m([22m[2m)[22m failed

    Locator: getByText('Medical Conditions')
    Expected: visible
    Timeout: 5000ms
    Error: element(s) not found

    Call log:
    [2m  - Expect "toBeVisible" with timeout 5000ms[22m
    [2m  - waiting for getByText('Medical Conditions')[22m


      53 |     
      54 |     // Check for medical conditions
    > 55 |     await expect(page.getByText('Medical Conditions')).toBeVisible();
         |                                                        ^
      56 |     await expect(page.getByText('Hypertension')).toBeVisible();
      57 |   });
      58 |
        at /Users/sahilkumarsingh/Desktop/swasthya-sanchar/tests/e2e/emergency.spec.ts:55:56

    Error Context: test-results/emergency-Emergency-Respon-bbac0--display-medical-conditions-chromium/error-context.md


[1A[2K[23/38] [chromium] › tests/e2e/emergency.spec.ts:89:7 › Emergency Responder Page › should show blockchain note in footer
[1A[2K  11) [chromium] › tests/e2e/emergency.spec.ts:59:7 › Emergency Responder Page › should show current medications 

    Error: [2mexpect([22m[31mlocator[39m[2m).[22mtoBeVisible[2m([22m[2m)[22m failed

    Locator: getByText('Current Medications')
    Expected: visible
    Timeout: 5000ms
    Error: element(s) not found

    Call log:
    [2m  - Expect "toBeVisible" with timeout 5000ms[22m
    [2m  - waiting for getByText('Current Medications')[22m


      61 |     
      62 |     // Check for medications
    > 63 |     await expect(page.getByText('Current Medications')).toBeVisible();
         |                                                         ^
      64 |     await expect(page.getByText(/Lisinopril.*daily/i)).toBeVisible();
      65 |   });
      66 |
        at /Users/sahilkumarsingh/Desktop/swasthya-sanchar/tests/e2e/emergency.spec.ts:63:57

    Error Context: test-results/emergency-Emergency-Respon-4c5d0-ld-show-current-medications-chromium/error-context.md


[1A[2K[24/38] [chromium] › tests/e2e/emergency.spec.ts:101:7 › Emergency Responder Page - Navigation › should have back to home link
[1A[2K  12) [chromium] › tests/e2e/emergency.spec.ts:67:7 › Emergency Responder Page › should display emergency contact information 

    Error: [2mexpect([22m[31mlocator[39m[2m).[22mtoBeVisible[2m([22m[2m)[22m failed

    Locator: getByText('Emergency Contact')
    Expected: visible
    Timeout: 5000ms
    Error: element(s) not found

    Call log:
    [2m  - Expect "toBeVisible" with timeout 5000ms[22m
    [2m  - waiting for getByText('Emergency Contact')[22m


      69 |     
      70 |     // Check for emergency contact section
    > 71 |     await expect(page.getByText('Emergency Contact')).toBeVisible();
         |                                                       ^
      72 |     await expect(page.getByText('Jane Doe')).toBeVisible();
      73 |     await expect(page.getByText('Spouse')).toBeVisible();
      74 |     
        at /Users/sahilkumarsingh/Desktop/swasthya-sanchar/tests/e2e/emergency.spec.ts:71:55

    Error Context: test-results/emergency-Emergency-Respon-b0519-ergency-contact-information-chromium/error-context.md


[1A[2K[25/38] [chromium] › tests/e2e/emergency.spec.ts:109:7 › Emergency Responder Page - Navigation › should work with different patient addresses
[1A[2K  13) [chromium] › tests/e2e/emergency.spec.ts:81:7 › Emergency Responder Page › should have action buttons for responders 

    Error: [2mexpect([22m[31mlocator[39m[2m).[22mtoBeVisible[2m([22m[2m)[22m failed

    Locator: getByRole('button', { name: 'Print Emergency Info' })
    Expected: visible
    Timeout: 5000ms
    Error: element(s) not found

    Call log:
    [2m  - Expect "toBeVisible" with timeout 5000ms[22m
    [2m  - waiting for getByRole('button', { name: 'Print Emergency Info' })[22m


      83 |     
      84 |     // Check for action buttons
    > 85 |     await expect(page.getByRole('button', { name: 'Print Emergency Info' })).toBeVisible();
         |                                                                              ^
      86 |     await expect(page.getByRole('button', { name: 'Contact Emergency Contact' })).toBeVisible();
      87 |   });
      88 |
        at /Users/sahilkumarsingh/Desktop/swasthya-sanchar/tests/e2e/emergency.spec.ts:85:78

    Error Context: test-results/emergency-Emergency-Respon-05ef5-tion-buttons-for-responders-chromium/error-context.md


[1A[2K[26/38] [chromium] › tests/e2e/landing.spec.ts:4:7 › Landing Page › should load the landing page
[1A[2K  14) [chromium] › tests/e2e/emergency.spec.ts:89:7 › Emergency Responder Page › should show blockchain note in footer 

    Error: [2mexpect([22m[31mlocator[39m[2m).[22mtoBeVisible[2m([22m[2m)[22m failed

    Locator: getByText(/stored on the blockchain/i)
    Expected: visible
    Timeout: 5000ms
    Error: element(s) not found

    Call log:
    [2m  - Expect "toBeVisible" with timeout 5000ms[22m
    [2m  - waiting for getByText(/stored on the blockchain/i)[22m


      91 |     
      92 |     // Check for blockchain information note
    > 93 |     await expect(page.getByText(/stored on the blockchain/i)).toBeVisible();
         |                                                               ^
      94 |     await expect(page.getByText(/accessible only through emergency QR codes/i)).toBeVisible();
      95 |   });
      96 | });
        at /Users/sahilkumarsingh/Desktop/swasthya-sanchar/tests/e2e/emergency.spec.ts:93:63

    Error Context: test-results/emergency-Emergency-Respon-c5644-w-blockchain-note-in-footer-chromium/error-context.md


[1A[2K[27/38] [chromium] › tests/e2e/landing.spec.ts:17:7 › Landing Page › should have patient and doctor portal buttons
[1A[2K  15) [chromium] › tests/e2e/emergency.spec.ts:101:7 › Emergency Responder Page - Navigation › should have back to home link 

    Error: [2mexpect([22m[31mlocator[39m[2m).[22mtoBeVisible[2m([22m[2m)[22m failed

    Locator: getByRole('link', { name: 'Back to Home' })
    Expected: visible
    Timeout: 5000ms
    Error: element(s) not found

    Call log:
    [2m  - Expect "toBeVisible" with timeout 5000ms[22m
    [2m  - waiting for getByRole('link', { name: 'Back to Home' })[22m


      103 |     
      104 |     const backLink = page.getByRole('link', { name: 'Back to Home' });
    > 105 |     await expect(backLink).toBeVisible();
          |                            ^
      106 |     await expect(backLink).toHaveAttribute('href', '/');
      107 |   });
      108 |
        at /Users/sahilkumarsingh/Desktop/swasthya-sanchar/tests/e2e/emergency.spec.ts:105:28

    Error Context: test-results/emergency-Emergency-Respon-15e36-ould-have-back-to-home-link-chromium/error-context.md


[1A[2K[28/38] [chromium] › tests/e2e/landing.spec.ts:29:7 › Landing Page › should navigate to patient portal
[1A[2K  16) [chromium] › tests/e2e/emergency.spec.ts:109:7 › Emergency Responder Page - Navigation › should work with different patient addresses 

    Error: [2mexpect([22m[31mlocator[39m[2m).[22mtoBeVisible[2m([22m[2m)[22m failed

    Locator: getByRole('heading', { name: 'Emergency Access' })
    Expected: visible
    Timeout: 5000ms
    Error: element(s) not found

    Call log:
    [2m  - Expect "toBeVisible" with timeout 5000ms[22m
    [2m  - waiting for getByRole('heading', { name: 'Emergency Access' })[22m


      112 |     
      113 |     // Should load page successfully
    > 114 |     await expect(page.getByRole('heading', { name: 'Emergency Access' })).toBeVisible();
          |                                                                           ^
      115 |     
      116 |     // Should show the provided address
      117 |     await expect(page.getByText(alternateAddress)).toBeVisible();
        at /Users/sahilkumarsingh/Desktop/swasthya-sanchar/tests/e2e/emergency.spec.ts:114:75

    Error Context: test-results/emergency-Emergency-Respon-4c6ab-different-patient-addresses-chromium/error-context.md


[1A[2K[29/38] [chromium] › tests/e2e/landing.spec.ts:38:7 › Landing Page › should navigate to doctor portal
[1A[2K  17) [chromium] › tests/e2e/landing.spec.ts:4:7 › Landing Page › should load the landing page ─────

    Error: [2mexpect([22m[31mlocator[39m[2m).[22mtoContainText[2m([22m[32mexpected[39m[2m)[22m failed

    Locator: locator('h1')
    Expected substring: [32m"Swasthya Sanchar"[39m
    Received string:    [31m"Medical Records That Save Lives"[39m
    Timeout: 5000ms

    Call log:
    [2m  - Expect "toContainText" with timeout 5000ms[22m
    [2m  - waiting for locator('h1')[22m
    [2m    9 × locator resolved to <h1 class="text-5xl md:text-7xl font-bold tracking-tight text-neutral-900 dark:text-neutral-50">Medical Records That Save Lives</h1>[22m
    [2m      - unexpected value "Medical Records That Save Lives"[22m


       9 |     
      10 |     // Check main heading
    > 11 |     await expect(page.locator('h1')).toContainText('Swasthya Sanchar');
         |                                      ^
      12 |     
      13 |     // Check subtitle
      14 |     await expect(page.locator('text=Your Health, Your Control, Your Blockchain')).toBeVisible();
        at /Users/sahilkumarsingh/Desktop/swasthya-sanchar/tests/e2e/landing.spec.ts:11:38

    Error Context: test-results/landing-Landing-Page-should-load-the-landing-page-chromium/error-context.md


[1A[2K[30/38] [chromium] › tests/e2e/navigation.spec.ts:4:7 › Navigation Flow › should complete full navigation flow
[1A[2K  18) [chromium] › tests/e2e/landing.spec.ts:17:7 › Landing Page › should have patient and doctor portal buttons 

    Error: [2mexpect([22m[31mlocator[39m[2m).[22mtoBeVisible[2m([22m[2m)[22m failed

    Locator: locator('text=Patient Portal')
    Expected: visible
    Timeout: 5000ms
    Error: element(s) not found

    Call log:
    [2m  - Expect "toBeVisible" with timeout 5000ms[22m
    [2m  - waiting for locator('text=Patient Portal')[22m


      20 |     // Check patient portal button
      21 |     const patientButton = page.locator('text=Patient Portal');
    > 22 |     await expect(patientButton).toBeVisible();
         |                                 ^
      23 |     
      24 |     // Check doctor portal button
      25 |     const doctorButton = page.locator('text=Doctor Portal');
        at /Users/sahilkumarsingh/Desktop/swasthya-sanchar/tests/e2e/landing.spec.ts:22:33

    Error Context: test-results/landing-Landing-Page-shoul-06258-t-and-doctor-portal-buttons-chromium/error-context.md


[1A[2K[31/38] [chromium] › tests/e2e/navigation.spec.ts:28:7 › Navigation Flow › should handle direct URL access
[1A[2K  19) [chromium] › tests/e2e/navigation.spec.ts:4:7 › Navigation Flow › should complete full navigation flow 

    Error: [2mexpect([22m[31mlocator[39m[2m).[22mtoContainText[2m([22m[32mexpected[39m[2m)[22m failed

    Locator: locator('h1')
    Expected substring: [32m"Swasthya Sanchar"[39m
    Received string:    [31m"Medical Records That Save Lives"[39m
    Timeout: 5000ms

    Call log:
    [2m  - Expect "toContainText" with timeout 5000ms[22m
    [2m  - waiting for locator('h1')[22m
    [2m    9 × locator resolved to <h1 class="text-5xl md:text-7xl font-bold tracking-tight text-neutral-900 dark:text-neutral-50">Medical Records That Save Lives</h1>[22m
    [2m      - unexpected value "Medical Records That Save Lives"[22m


       5 |     // Start at home
       6 |     await page.goto('/');
    >  7 |     await expect(page.locator('h1')).toContainText('Swasthya Sanchar');
         |                                      ^
       8 |     
       9 |     // Navigate to patient portal
      10 |     await page.click('text=Patient Portal');
        at /Users/sahilkumarsingh/Desktop/swasthya-sanchar/tests/e2e/navigation.spec.ts:7:38

    Error Context: test-results/navigation-Navigation-Flow-7bf9e-mplete-full-navigation-flow-chromium/error-context.md


[1A[2K[32/38] [chromium] › tests/e2e/navigation.spec.ts:42:7 › Navigation Flow › should maintain state during navigation
[1A[2K  20) [chromium] › tests/e2e/navigation.spec.ts:28:7 › Navigation Flow › should handle direct URL access 

    Error: [2mexpect([22m[31mlocator[39m[2m).[22mtoContainText[2m([22m[32mexpected[39m[2m)[22m failed

    Locator: locator('h1')
    Expected substring: [32m"Swasthya Sanchar"[39m
    Received string:    [31m"Medical Records That Save Lives"[39m
    Timeout: 5000ms

    Call log:
    [2m  - Expect "toContainText" with timeout 5000ms[22m
    [2m  - waiting for locator('h1')[22m
    [2m    9 × locator resolved to <h1 class="text-5xl md:text-7xl font-bold tracking-tight text-neutral-900 dark:text-neutral-50">Medical Records That Save Lives</h1>[22m
    [2m      - unexpected value "Medical Records That Save Lives"[22m


      37 |     // Direct access to home
      38 |     await page.goto('/');
    > 39 |     await expect(page.locator('h1')).toContainText('Swasthya Sanchar');
         |                                      ^
      40 |   });
      41 |
      42 |   test('should maintain state during navigation', async ({ page }) => {
        at /Users/sahilkumarsingh/Desktop/swasthya-sanchar/tests/e2e/navigation.spec.ts:39:38

    Error Context: test-results/navigation-Navigation-Flow-should-handle-direct-URL-access-chromium/error-context.md


[1A[2K[33/38] [chromium] › tests/e2e/patient-portal.spec.ts:8:7 › Patient Portal › should display patient portal page
[1A[2K  21) [chromium] › tests/e2e/patient-portal.spec.ts:8:7 › Patient Portal › should display patient portal page 

    Error: [2mexpect([22m[31mlocator[39m[2m).[22mtoBeVisible[2m([22m[2m)[22m failed

    Locator: locator('text=Manage your health records on the blockchain')
    Expected: visible
    Timeout: 5000ms
    Error: element(s) not found

    Call log:
    [2m  - Expect "toBeVisible" with timeout 5000ms[22m
    [2m  - waiting for locator('text=Manage your health records on the blockchain')[22m


      11 |     
      12 |     // Check subtitle
    > 13 |     await expect(page.locator('text=Manage your health records on the blockchain')).toBeVisible();
         |                                                                                     ^
      14 |   });
      15 |
      16 |   test('should show connect wallet button', async ({ page }) => {
        at /Users/sahilkumarsingh/Desktop/swasthya-sanchar/tests/e2e/patient-portal.spec.ts:13:85

    Error Context: test-results/patient-portal-Patient-Por-b1440-display-patient-portal-page-chromium/error-context.md


[1A[2K[34/38] [chromium] › tests/e2e/patient-portal.spec.ts:16:7 › Patient Portal › should show connect wallet button
[1A[2K  22) [chromium] › tests/e2e/patient-portal.spec.ts:16:7 › Patient Portal › should show connect wallet button 

    Error: [2mexpect([22m[31mlocator[39m[2m).[22mtoBeVisible[2m([22m[2m)[22m failed

    Locator: locator('button:has-text("Connect Wallet")')
    Expected: visible
    Error: strict mode violation: locator('button:has-text("Connect Wallet")') resolved to 2 elements:
        1) <button class="px-4 py-2 bg-neutral-900 dark:bg-neutral-100 text-neutral-50 dark:text-neutral-900 rounded-lg hover:bg-neutral-800 dark:hover:bg-neutral-200 transition disabled:opacity-50">Connect Wallet</button> aka getByRole('button', { name: 'Connect Wallet' })
        2) <button aria-label="Connect MetaMask wallet to access patient portal" class="px-6 py-3 bg-neutral-900 dark:bg-neutral-100 text-neutral-50 dark:text-neutral-900 rounded-lg hover:bg-neutral-800 dark:hover:bg-neutral-200 transition disabled:opacity-50 font-medium">Connect Wallet</button> aka getByRole('button', { name: 'Connect MetaMask wallet to' })

    Call log:
    [2m  - Expect "toBeVisible" with timeout 5000ms[22m
    [2m  - waiting for locator('button:has-text("Connect Wallet")')[22m


      16 |   test('should show connect wallet button', async ({ page }) => {
      17 |     // Should show connect wallet button when not connected
    > 18 |     await expect(page.locator('button:has-text("Connect Wallet")')).toBeVisible();
         |                                                                     ^
      19 |   });
      20 |
      21 |   test('should display feature preview cards', async ({ page }) => {
        at /Users/sahilkumarsingh/Desktop/swasthya-sanchar/tests/e2e/patient-portal.spec.ts:18:69

    Error Context: test-results/patient-portal-Patient-Por-96667--show-connect-wallet-button-chromium/error-context.md


[1A[2K[35/38] [chromium] › tests/e2e/patient-portal.spec.ts:21:7 › Patient Portal › should display feature preview cards
[1A[2K  23) [chromium] › tests/e2e/patient-portal.spec.ts:21:7 › Patient Portal › should display feature preview cards 

    Error: [2mexpect([22m[31mlocator[39m[2m).[22mtoBeVisible[2m([22m[2m)[22m failed

    Locator: locator('text=📝 Registration')
    Expected: visible
    Timeout: 5000ms
    Error: element(s) not found

    Call log:
    [2m  - Expect "toBeVisible" with timeout 5000ms[22m
    [2m  - waiting for locator('text=📝 Registration')[22m


      21 |   test('should display feature preview cards', async ({ page }) => {
      22 |     // Check for feature cards
    > 23 |     await expect(page.locator('text=📝 Registration')).toBeVisible();
         |                                                        ^
      24 |     await expect(page.locator('text=🏥 Records')).toBeVisible();
      25 |     await expect(page.locator('text=🔐 Access')).toBeVisible();
      26 |   });
        at /Users/sahilkumarsingh/Desktop/swasthya-sanchar/tests/e2e/patient-portal.spec.ts:23:56

    Error Context: test-results/patient-portal-Patient-Por-6b70b-splay-feature-preview-cards-chromium/error-context.md


[1A[2K[36/38] [chromium] › tests/e2e/patient-portal.spec.ts:28:7 › Patient Portal › should have header with home link
[1A[2K  24) [chromium] › tests/e2e/landing.spec.ts:38:7 › Landing Page › should navigate to doctor portal 

    Error: [2mexpect([22m[31mpage[39m[2m).[22mtoHaveURL[2m([22m[32mexpected[39m[2m)[22m failed

    Expected: [32m"http://localhost:3000/[7mdoctor[27m"[39m
    Received: [31m"http://localhost:3000/"[39m
    Timeout:  5000ms

    Call log:
    [2m  - Expect "toHaveURL" with timeout 5000ms[22m
    [2m    9 × unexpected value "http://localhost:3000/"[22m


      41 |     await page.click('text=Doctor Portal');
      42 |     
    > 43 |     await expect(page).toHaveURL('/doctor');
         |                        ^
      44 |     await expect(page.locator('h1')).toContainText('Doctor Portal');
      45 |   });
      46 | });
        at /Users/sahilkumarsingh/Desktop/swasthya-sanchar/tests/e2e/landing.spec.ts:43:24

    Error Context: test-results/landing-Landing-Page-should-navigate-to-doctor-portal-chromium/error-context.md


[1A[2K[37/38] [chromium] › tests/e2e/patient-portal.spec.ts:37:7 › Patient Portal › should display placeholder message
[1A[2K[38/38] [chromium] › tests/e2e/patient-portal.spec.ts:43:7 › Patient Portal › should have proper page structure
[1A[2K  25) [chromium] › tests/e2e/landing.spec.ts:29:7 › Landing Page › should navigate to patient portal 

    [31mTest timeout of 30000ms exceeded.[39m

    Error: page.click: Test timeout of 30000ms exceeded.
    Call log:
    [2m  - waiting for locator('text=Patient Portal')[22m


      30 |     await page.goto('/');
      31 |     
    > 32 |     await page.click('text=Patient Portal');
         |                ^
      33 |     
      34 |     await expect(page).toHaveURL('/patient');
      35 |     await expect(page.locator('h1')).toContainText('Patient Portal');
        at /Users/sahilkumarsingh/Desktop/swasthya-sanchar/tests/e2e/landing.spec.ts:32:16

    Error Context: test-results/landing-Landing-Page-should-navigate-to-patient-portal-chromium/error-context.md


[1A[2K  26) [chromium] › tests/e2e/patient-portal.spec.ts:37:7 › Patient Portal › should display placeholder message 

    Error: [2mexpect([22m[31mlocator[39m[2m).[22mtoBeVisible[2m([22m[2m)[22m failed

    Locator: locator('text=/Patient registration and record management features/i')
    Expected: visible
    Timeout: 5000ms
    Error: element(s) not found

    Call log:
    [2m  - Expect "toBeVisible" with timeout 5000ms[22m
    [2m  - waiting for locator('text=/Patient registration and record management features/i')[22m


      38 |     await expect(
      39 |       page.locator('text=/Patient registration and record management features/i')
    > 40 |     ).toBeVisible();
         |       ^
      41 |   });
      42 |
      43 |   test('should have proper page structure', async ({ page }) => {
        at /Users/sahilkumarsingh/Desktop/swasthya-sanchar/tests/e2e/patient-portal.spec.ts:40:7

    Error Context: test-results/patient-portal-Patient-Por-a381b-display-placeholder-message-chromium/error-context.md


[1A[2K  27) [chromium] › tests/e2e/navigation.spec.ts:42:7 › Navigation Flow › should maintain state during navigation 

    [31mTest timeout of 30000ms exceeded.[39m

    Error: page.click: Test timeout of 30000ms exceeded.
    Call log:
    [2m  - waiting for locator('text=Patient Portal')[22m


      44 |     
      45 |     // Go to patient portal
    > 46 |     await page.click('text=Patient Portal');
         |                ^
      47 |     const connectButton = page.locator('button:has-text("Connect Wallet")').first();
      48 |     await expect(connectButton).toBeVisible();
      49 |     
        at /Users/sahilkumarsingh/Desktop/swasthya-sanchar/tests/e2e/navigation.spec.ts:46:16

    Error Context: test-results/navigation-Navigation-Flow-caae3-ain-state-during-navigation-chromium/error-context.md


[1A[2K  27 failed
    [chromium] › tests/e2e/doctor-portal.spec.ts:8:7 › Doctor Portal › should display doctor portal page 
    [chromium] › tests/e2e/doctor-portal.spec.ts:16:7 › Doctor Portal › should show connect wallet button 
    [chromium] › tests/e2e/doctor-portal.spec.ts:21:7 › Doctor Portal › should display feature preview cards 
    [chromium] › tests/e2e/doctor-portal.spec.ts:37:7 › Doctor Portal › should display placeholder message 
    [chromium] › tests/e2e/emergency.spec.ts:6:7 › Emergency Responder Page › should load emergency page without wallet connection 
    [chromium] › tests/e2e/emergency.spec.ts:18:7 › Emergency Responder Page › should display emergency alert banner 
    [chromium] › tests/e2e/emergency.spec.ts:26:7 › Emergency Responder Page › should show patient blockchain address 
    [chromium] › tests/e2e/emergency.spec.ts:34:7 › Emergency Responder Page › should display blood group prominently 
    [chromium] › tests/e2e/emergency.spec.ts:42:7 › Emergency Responder Page › should show allergies section 
    [chromium] › tests/e2e/emergency.spec.ts:51:7 › Emergency Responder Page › should display medical conditions 
    [chromium] › tests/e2e/emergency.spec.ts:59:7 › Emergency Responder Page › should show current medications 
    [chromium] › tests/e2e/emergency.spec.ts:67:7 › Emergency Responder Page › should display emergency contact information 
    [chromium] › tests/e2e/emergency.spec.ts:81:7 › Emergency Responder Page › should have action buttons for responders 
    [chromium] › tests/e2e/emergency.spec.ts:89:7 › Emergency Responder Page › should show blockchain note in footer 
    [chromium] › tests/e2e/emergency.spec.ts:101:7 › Emergency Responder Page - Navigation › should have back to home link 
    [chromium] › tests/e2e/emergency.spec.ts:109:7 › Emergency Responder Page - Navigation › should work with different patient addresses 
    [chromium] › tests/e2e/landing.spec.ts:4:7 › Landing Page › should load the landing page ───────
    [chromium] › tests/e2e/landing.spec.ts:17:7 › Landing Page › should have patient and doctor portal buttons 
    [chromium] › tests/e2e/landing.spec.ts:29:7 › Landing Page › should navigate to patient portal ─
    [chromium] › tests/e2e/landing.spec.ts:38:7 › Landing Page › should navigate to doctor portal ──
    [chromium] › tests/e2e/navigation.spec.ts:4:7 › Navigation Flow › should complete full navigation flow 
    [chromium] › tests/e2e/navigation.spec.ts:28:7 › Navigation Flow › should handle direct URL access 
    [chromium] › tests/e2e/navigation.spec.ts:42:7 › Navigation Flow › should maintain state during navigation 
    [chromium] › tests/e2e/patient-portal.spec.ts:8:7 › Patient Portal › should display patient portal page 
    [chromium] › tests/e2e/patient-portal.spec.ts:16:7 › Patient Portal › should show connect wallet button 
    [chromium] › tests/e2e/patient-portal.spec.ts:21:7 › Patient Portal › should display feature preview cards 
    [chromium] › tests/e2e/patient-portal.spec.ts:37:7 › Patient Portal › should display placeholder message 
  3 skipped
  8 passed (1.1m)

[36m  Serving HTML report at http://localhost:9323. Press Ctrl+C to quit.[39m
